// Jest Snapshot v1, https://goo.gl/fbAQLP

exports[`offset - plane/helicopter offsets list should have required properties 1`] = `
Object {
  "governorSwitch": Offset {
    "category": "helicopter",
    "convert": "!!{VAL}",
    "description": "governor switch activated - Robinson only",
    "length": undefined,
    "mapping": undefined,
    "name": "governorSwitch",
    "permission": "rw",
    "type": 0,
    "value": 2086,
  },
  "rotorBreakApplication": Offset {
    "category": "helicopter",
    "convert": "Math.round({VAL} / 16384 * 100)",
    "description": "rotor brake application - percent - Robinson only",
    "length": undefined,
    "mapping": undefined,
    "name": "rotorBreakApplication",
    "permission": "rw",
    "type": 5,
    "value": 2082,
  },
  "rotorChipWarning": Offset {
    "category": "helicopter",
    "convert": "!!{VAL}",
    "description": "rotor chip detected - Rbinson only",
    "length": undefined,
    "mapping": undefined,
    "name": "rotorChipWarning",
    "permission": "rw",
    "type": 0,
    "value": 2080,
  },
  "rotorClutchActive": Offset {
    "category": "helicopter",
    "convert": "!!{VAL}",
    "description": "rotor clutch active - Robinson only",
    "length": undefined,
    "mapping": undefined,
    "name": "rotorClutchActive",
    "permission": "rw",
    "type": 0,
    "value": 2079,
  },
  "rotorGovWarning": Offset {
    "category": "helicopter",
    "convert": "!!{VAL}",
    "description": "rotor gov active - Rbinson only",
    "length": undefined,
    "mapping": undefined,
    "name": "rotorGovWarning",
    "permission": "rw",
    "type": 0,
    "value": 2081,
  },
  "rotorLateralTrim": Offset {
    "category": "helicopter",
    "convert": "Math.round({VAL} / 16384 * 100)",
    "description": "rotor lateral trim - percent - Robinson only",
    "length": undefined,
    "mapping": undefined,
    "name": "rotorLateralTrim",
    "permission": "rw",
    "type": 5,
    "value": 2084,
  },
  "rotorTransmissionTemp": Offset {
    "category": "helicopter",
    "convert": undefined,
    "description": "rotor transmission temp - degrees Rankine - read only",
    "length": undefined,
    "mapping": undefined,
    "name": "rotorTransmissionTemp",
    "permission": "r",
    "type": 8,
    "value": 2088,
  },
  "rotorbreakActive": Offset {
    "category": "helicopter",
    "convert": "!!{VAL}",
    "description": "rotor brake active - Robinson only",
    "length": undefined,
    "mapping": undefined,
    "name": "rotorbreakActive",
    "permission": "rw",
    "type": 0,
    "value": 2078,
  },
}
`;
